13:55:03.053 [graviteeio-node] INFO  i.g.n.c.s.e.PropertiesConfiguration - Loading Gravitee configuration.
13:55:03.088 [graviteeio-node] INFO  i.g.n.c.s.e.PropertiesConfiguration - 	Gravitee configuration loaded from /opt/graviteeio-management-api/config/gravitee.yml
13:55:03.435 [graviteeio-node] INFO  i.g.n.c.s.e.PropertiesConfiguration - Loading Gravitee configuration. DONE
13:55:03.607 [graviteeio-node] INFO  i.g.p.c.s.PluginHandlerBeanFactoryPostProcessor - Loading plugin handlers
13:55:03.696 [graviteeio-node] INFO  i.g.p.c.s.PluginHandlerBeanFactoryPostProcessor - Find 16 plugin handler(s):
13:55:03.754 [graviteeio-node] INFO  i.g.p.c.s.PluginHandlerBeanFactoryPostProcessor - 	io.gravitee.plugin.discovery.internal.ServiceDiscoveryPluginHandler
13:55:03.803 [graviteeio-node] INFO  i.g.p.c.s.PluginHandlerBeanFactoryPostProcessor - 	io.gravitee.plugin.policy.internal.PolicyPluginHandler
13:55:03.916 [graviteeio-node] INFO  i.g.p.c.s.PluginHandlerBeanFactoryPostProcessor - 	io.gravitee.node.plugins.service.handler.ServicePluginHandler
13:55:03.969 [graviteeio-node] INFO  i.g.p.c.s.PluginHandlerBeanFactoryPostProcessor - 	io.gravitee.plugin.notifier.internal.NotifierPluginHandler
13:55:03.976 [graviteeio-node] INFO  i.g.p.c.s.PluginHandlerBeanFactoryPostProcessor - 	io.gravitee.node.tracing.plugin.TracingPluginHandler
13:55:03.992 [graviteeio-node] INFO  i.g.p.c.s.PluginHandlerBeanFactoryPostProcessor - 	io.gravitee.plugin.endpoint.internal.EndpointConnectorPluginHandler
13:55:04.009 [graviteeio-node] INFO  i.g.p.c.s.PluginHandlerBeanFactoryPostProcessor - 	io.gravitee.plugin.repository.internal.RepositoryPluginHandler
13:55:04.029 [graviteeio-node] INFO  i.g.p.c.s.PluginHandlerBeanFactoryPostProcessor - 	io.gravitee.plugin.cockpit.CockpitPluginHandler
13:55:04.035 [graviteeio-node] INFO  i.g.p.c.s.PluginHandlerBeanFactoryPostProcessor - 	io.gravitee.node.reporter.plugin.ReporterPluginHandler
13:55:04.048 [graviteeio-node] INFO  i.g.p.c.s.PluginHandlerBeanFactoryPostProcessor - 	io.gravitee.rest.api.idp.core.plugin.IdentityProviderPluginHandler
13:55:04.056 [graviteeio-node] INFO  i.g.p.c.s.PluginHandlerBeanFactoryPostProcessor - 	io.gravitee.plugin.entrypoint.internal.EntrypointConnectorPluginHandler
13:55:04.070 [graviteeio-node] INFO  i.g.p.c.s.PluginHandlerBeanFactoryPostProcessor - 	io.gravitee.rest.api.service.impl.swagger.policy.PolicyPluginHandler
13:55:04.081 [graviteeio-node] INFO  i.g.p.c.s.PluginHandlerBeanFactoryPostProcessor - 	io.gravitee.plugin.connector.internal.ConnectorPluginHandler
13:55:04.085 [graviteeio-node] INFO  i.g.p.c.s.PluginHandlerBeanFactoryPostProcessor - 	io.gravitee.plugin.fetcher.internal.FetcherPluginHandler
13:55:04.108 [graviteeio-node] INFO  i.g.p.c.s.PluginHandlerBeanFactoryPostProcessor - 	io.gravitee.plugin.alert.internal.AlertPluginHandler
13:55:04.123 [graviteeio-node] INFO  i.g.p.c.s.PluginHandlerBeanFactoryPostProcessor - 	io.gravitee.plugin.resource.internal.ResourcePluginHandler
13:55:10.629 [graviteeio-node] INFO  i.g.c.event.impl.EventManagerImpl - Register new listener GraviteeJavaMailManager for event type class io.gravitee.rest.api.model.parameters.Key
13:55:16.536 [graviteeio-node] INFO  i.g.node.tracing.TracingService - Tracing support is enabled with tracer: name[null]
13:55:18.383 [graviteeio-node] WARN  i.gravitee.common.util.DataEncryptor - 
13:55:18.386 [graviteeio-node] WARN  i.gravitee.common.util.DataEncryptor - ##############################################################
13:55:18.389 [graviteeio-node] WARN  i.gravitee.common.util.DataEncryptor - #                      SECURITY WARNING                      #
13:55:18.392 [graviteeio-node] WARN  i.gravitee.common.util.DataEncryptor - ##############################################################
13:55:18.394 [graviteeio-node] WARN  i.gravitee.common.util.DataEncryptor - 
13:55:18.395 [graviteeio-node] WARN  i.gravitee.common.util.DataEncryptor - You still use the default secret.
13:55:18.397 [graviteeio-node] WARN  i.gravitee.common.util.DataEncryptor - This known secret can be used to access protected information.
13:55:18.402 [graviteeio-node] WARN  i.gravitee.common.util.DataEncryptor - Please customize the 'api.properties.encryption.secret' parameter value, or ask your administrator to do it.
13:55:18.404 [graviteeio-node] WARN  i.gravitee.common.util.DataEncryptor - 
13:55:18.406 [graviteeio-node] WARN  i.gravitee.common.util.DataEncryptor - ##############################################################
13:55:18.408 [graviteeio-node] WARN  i.gravitee.common.util.DataEncryptor - 
13:55:19.418 [graviteeio-node] INFO  i.g.c.event.impl.EventManagerImpl - Register new listener ApplicationAlertEventListener for event type class io.gravitee.rest.api.model.alert.ApplicationAlertEventType
13:55:21.143 [graviteeio-node] INFO  i.g.p.r.i.RepositoryPluginHandler - Loading repository for scope MANAGEMENT: mongodb
13:55:21.180 [graviteeio-node] INFO  i.g.p.r.i.RepositoryPluginHandler - Loading repository for scope ANALYTICS: elasticsearch
13:55:23.572 [graviteeio-node] INFO  i.g.r.a.s.a.i.AuthenticationProviderManagerImpl - Loading authentication providers
13:55:23.887 [graviteeio-node] INFO  org.eclipse.jetty.util.log - Logging initialized @33463ms to org.eclipse.jetty.util.log.Slf4jLog
13:55:24.879 [graviteeio-node] INFO  i.g.node.container.AbstractContainer - Starting Gravitee.io - Rest APIs...
13:55:24.896 [graviteeio-node] INFO  i.g.r.a.s.node.GraviteeApisNode - Gravitee.io - Rest APIs is now starting...
13:55:24.939 [graviteeio-node] INFO  i.g.r.a.s.node.GraviteeApisNode - 	Starting component: LicenseService
13:55:24.956 [graviteeio-node] INFO  i.g.common.service.AbstractService - Initializing service License service
13:55:24.991 [graviteeio-node] INFO  i.g.node.license.LicenseService - No license file found. Some plugins may be disabled
13:55:25.036 [graviteeio-node] INFO  i.g.n.m.h.v.e.ManagementEndpointManagerImpl - Register a new endpoint for Management API: GET /license [io.gravitee.node.license.management.NodeLicenseManagementEndpoint]
13:55:25.096 [graviteeio-node] INFO  i.g.r.a.s.node.GraviteeApisNode - 	Starting component: PluginEventListener
13:55:25.107 [graviteeio-node] INFO  i.g.common.service.AbstractService - Initializing service io.gravitee.plugin.core.internal.PluginEventListener
13:55:25.116 [graviteeio-node] INFO  i.g.c.event.impl.EventManagerImpl - Register new listener PluginEventListener for event type class io.gravitee.plugin.core.api.PluginEvent
13:55:25.129 [graviteeio-node] INFO  i.g.r.a.s.node.GraviteeApisNode - 	Starting component: PluginRegistry
13:55:25.136 [graviteeio-node] INFO  i.g.common.service.AbstractService - Initializing service io.gravitee.plugin.core.internal.PluginRegistryImpl
13:55:25.142 [graviteeio-node] INFO  i.g.p.c.internal.PluginRegistryImpl - Initializing plugin registry.
13:55:25.146 [graviteeio-node] INFO  i.g.p.c.internal.PluginRegistryImpl - Loading plugins from /opt/graviteeio-management-api/plugins
13:55:29.983 [graviteeio-node] INFO  i.g.p.c.internal.PluginRegistryImpl - List of available fetcher: 
13:55:29.991 [graviteeio-node] INFO  i.g.p.c.internal.PluginRegistryImpl - 	> gitlab-fetcher [1.11.0] has been loaded
13:55:30.005 [graviteeio-node] INFO  i.g.p.c.internal.PluginRegistryImpl - 	> http-fetcher [1.12.0] has been loaded
13:55:30.009 [graviteeio-node] INFO  i.g.p.c.internal.PluginRegistryImpl - 	> bitbucket-fetcher [1.7.1] has been loaded
13:55:30.014 [graviteeio-node] INFO  i.g.p.c.internal.PluginRegistryImpl - 	> github-fetcher [1.6.0] has been loaded
13:55:30.017 [graviteeio-node] INFO  i.g.p.c.internal.PluginRegistryImpl - 	> git-fetcher [1.8.1] has been loaded
13:55:30.019 [graviteeio-node] INFO  i.g.p.c.internal.PluginRegistryImpl - List of available policy: 
13:55:30.027 [graviteeio-node] INFO  i.g.p.c.internal.PluginRegistryImpl - 	> policy-generate-jwt [1.5.0] has been loaded
13:55:30.041 [graviteeio-node] INFO  i.g.p.c.internal.PluginRegistryImpl - 	> ssl-enforcement [1.2.3] has been loaded
13:55:30.044 [graviteeio-node] INFO  i.g.p.c.internal.PluginRegistryImpl - 	> latency [1.4.0] has been loaded
13:55:30.048 [graviteeio-node] INFO  i.g.p.c.internal.PluginRegistryImpl - 	> transform-headers [1.10.0] has been loaded
13:55:30.050 [graviteeio-node] INFO  i.g.p.c.internal.PluginRegistryImpl - 	> api-key [3.0.0] has been loaded
13:55:30.067 [graviteeio-node] INFO  i.g.p.c.internal.PluginRegistryImpl - 	> policy-openid-userinfo [1.5.2] has been loaded
13:55:30.075 [graviteeio-node] INFO  i.g.p.c.internal.PluginRegistryImpl - 	> request-content-limit [1.8.0] has been loaded
13:55:30.078 [graviteeio-node] INFO  i.g.p.c.internal.PluginRegistryImpl - 	> policy-assign-content [1.7.0] has been loaded
13:55:30.090 [graviteeio-node] INFO  i.g.p.c.internal.PluginRegistryImpl - 	> xml-json [1.8.3] has been loaded
13:55:30.093 [graviteeio-node] INFO  i.g.p.c.internal.PluginRegistryImpl - 	> message-filtering [1.0.0] has been loaded
13:55:30.097 [graviteeio-node] INFO  i.g.p.c.internal.PluginRegistryImpl - 	> rbac [1.1.0] has been loaded
13:55:30.099 [graviteeio-node] INFO  i.g.p.c.internal.PluginRegistryImpl - 	> xml-threat-protection [1.3.3] has been loaded
13:55:30.106 [graviteeio-node] INFO  i.g.p.c.internal.PluginRegistryImpl - 	> json-xml [2.0.0] has been loaded
13:55:30.107 [graviteeio-node] INFO  i.g.p.c.internal.PluginRegistryImpl - 	> json-to-json [1.7.1] has been loaded
13:55:30.109 [graviteeio-node] INFO  i.g.p.c.internal.PluginRegistryImpl - 	> mock [1.13.0] has been loaded
13:55:30.110 [graviteeio-node] INFO  i.g.p.c.internal.PluginRegistryImpl - 	> http-signature [1.5.0] has been loaded
13:55:30.111 [graviteeio-node] INFO  i.g.p.c.internal.PluginRegistryImpl - 	> jwt [3.0.0] has been loaded
13:55:30.112 [graviteeio-node] INFO  i.g.p.c.internal.PluginRegistryImpl - 	> rate-limit [2.0.0] has been loaded
13:55:30.115 [graviteeio-node] INFO  i.g.p.c.internal.PluginRegistryImpl - 	> metrics-reporter [2.0.0] has been loaded
13:55:30.124 [graviteeio-node] INFO  i.g.p.c.internal.PluginRegistryImpl - 	> dynamic-routing [1.11.3] has been loaded
13:55:30.137 [graviteeio-node] INFO  i.g.p.c.internal.PluginRegistryImpl - 	> cache [1.16.0] has been loaded
13:55:30.138 [graviteeio-node] INFO  i.g.p.c.internal.PluginRegistryImpl - 	> policy-request-validation [1.13.2] has been loaded
13:55:30.140 [graviteeio-node] INFO  i.g.p.c.internal.PluginRegistryImpl - 	> rest-to-soap [1.13.0] has been loaded
13:55:30.141 [graviteeio-node] INFO  i.g.p.c.internal.PluginRegistryImpl - 	> retry [2.1.0] has been loaded
13:55:30.144 [graviteeio-node] INFO  i.g.p.c.internal.PluginRegistryImpl - 	> regex-threat-protection [1.3.3] has been loaded
13:55:30.145 [graviteeio-node] INFO  i.g.p.c.internal.PluginRegistryImpl - 	> ip-filtering [1.9.0] has been loaded
13:55:30.146 [graviteeio-node] INFO  i.g.p.c.internal.PluginRegistryImpl - 	> policy-assign-attributes [1.5.1] has been loaded
13:55:30.148 [graviteeio-node] INFO  i.g.p.c.internal.PluginRegistryImpl - 	> spike-arrest [2.0.0] has been loaded
13:55:30.149 [graviteeio-node] INFO  i.g.p.c.internal.PluginRegistryImpl - 	> html-json [1.6.0] has been loaded
13:55:30.158 [graviteeio-node] INFO  i.g.p.c.internal.PluginRegistryImpl - 	> key-less [2.0.0] has been loaded
13:55:30.161 [graviteeio-node] INFO  i.g.p.c.internal.PluginRegistryImpl - 	> xml-validation [1.1.0] has been loaded
13:55:30.164 [graviteeio-node] INFO  i.g.p.c.internal.PluginRegistryImpl - 	> oauth2 [2.0.1] has been loaded
13:55:30.165 [graviteeio-node] INFO  i.g.p.c.internal.PluginRegistryImpl - 	> transform-queryparams [1.6.0] has been loaded
13:55:30.167 [graviteeio-node] INFO  i.g.p.c.internal.PluginRegistryImpl - 	> json-validation [1.6.1] has been loaded
13:55:30.169 [graviteeio-node] INFO  i.g.p.c.internal.PluginRegistryImpl - 	> quota [2.0.0] has been loaded
13:55:30.170 [graviteeio-node] INFO  i.g.p.c.internal.PluginRegistryImpl - 	> policy-override-request-method [1.3.0] has been loaded
13:55:30.171 [graviteeio-node] INFO  i.g.p.c.internal.PluginRegistryImpl - 	> resource-filtering [1.8.0] has been loaded
13:55:30.176 [graviteeio-node] INFO  i.g.p.c.internal.PluginRegistryImpl - 	> traffic-shadowing [2.0.0] has been loaded
13:55:30.178 [graviteeio-node] INFO  i.g.p.c.internal.PluginRegistryImpl - 	> jws [1.3.3] has been loaded
13:55:30.184 [graviteeio-node] INFO  i.g.p.c.internal.PluginRegistryImpl - 	> url-rewriting [1.5.2] has been loaded
13:55:30.186 [graviteeio-node] INFO  i.g.p.c.internal.PluginRegistryImpl - 	> policy-http-callout [2.0.1] has been loaded
13:55:30.187 [graviteeio-node] INFO  i.g.p.c.internal.PluginRegistryImpl - 	> json-threat-protection [1.3.3] has been loaded
13:55:30.188 [graviteeio-node] INFO  i.g.p.c.internal.PluginRegistryImpl - 	> generate-http-signature [1.1.0] has been loaded
13:55:30.190 [graviteeio-node] INFO  i.g.p.c.internal.PluginRegistryImpl - 	> groovy [2.4.1] has been loaded
13:55:30.195 [graviteeio-node] INFO  i.g.p.c.internal.PluginRegistryImpl - 	> xslt [2.0.0] has been loaded
13:55:30.197 [graviteeio-node] INFO  i.g.p.c.internal.PluginRegistryImpl - List of available endpoint-connector: 
13:55:30.198 [graviteeio-node] INFO  i.g.p.c.internal.PluginRegistryImpl - 	> http-proxy [3.20.13] has been loaded
13:55:30.200 [graviteeio-node] INFO  i.g.p.c.internal.PluginRegistryImpl - 	> mock [3.20.13] has been loaded
13:55:30.203 [graviteeio-node] INFO  i.g.p.c.internal.PluginRegistryImpl - 	> mqtt5 [3.20.13] has been loaded
13:55:30.205 [graviteeio-node] INFO  i.g.p.c.internal.PluginRegistryImpl - 	> kafka [3.20.13] has been loaded
13:55:30.210 [graviteeio-node] INFO  i.g.p.c.internal.PluginRegistryImpl - List of available service: 
13:55:30.218 [graviteeio-node] INFO  i.g.p.c.internal.PluginRegistryImpl - 	> search-indexer [3.20.13] has been loaded
13:55:30.223 [graviteeio-node] INFO  i.g.p.c.internal.PluginRegistryImpl - 	> subscriptions-refresher [3.20.13] has been loaded
13:55:30.224 [graviteeio-node] INFO  i.g.p.c.internal.PluginRegistryImpl - 	> mgmt-service-dictionary [3.20.13] has been loaded
13:55:30.226 [graviteeio-node] INFO  i.g.p.c.internal.PluginRegistryImpl - 	> mgmt-service-sync [3.20.13] has been loaded
13:55:30.227 [graviteeio-node] INFO  i.g.p.c.internal.PluginRegistryImpl - 	> service-bridge-http-server [3.20.13] has been loaded
13:55:30.228 [graviteeio-node] INFO  i.g.p.c.internal.PluginRegistryImpl - 	> auto-fetch [3.20.13] has been loaded
13:55:30.230 [graviteeio-node] INFO  i.g.p.c.internal.PluginRegistryImpl - 	> mgmt-service-dynamicproperties [3.20.13] has been loaded
13:55:30.240 [graviteeio-node] INFO  i.g.p.c.internal.PluginRegistryImpl - 	> subscription-expiration-notifier [3.20.13] has been loaded
13:55:30.242 [graviteeio-node] INFO  i.g.p.c.internal.PluginRegistryImpl - List of available resource: 
13:55:30.250 [graviteeio-node] INFO  i.g.p.c.internal.PluginRegistryImpl - 	> cache [1.9.0] has been loaded
13:55:30.259 [graviteeio-node] INFO  i.g.p.c.internal.PluginRegistryImpl - 	> oauth2-am-resource [2.0.0] has been loaded
13:55:30.260 [graviteeio-node] INFO  i.g.p.c.internal.PluginRegistryImpl - 	> oauth2 [2.0.0] has been loaded
13:55:30.262 [graviteeio-node] INFO  i.g.p.c.internal.PluginRegistryImpl - List of available notifier: 
13:55:30.264 [graviteeio-node] INFO  i.g.p.c.internal.PluginRegistryImpl - 	> webhook-notifier [1.1.0] has been loaded
13:55:30.265 [graviteeio-node] INFO  i.g.p.c.internal.PluginRegistryImpl - 	> slack-notifier [1.3.0] has been loaded
13:55:30.267 [graviteeio-node] INFO  i.g.p.c.internal.PluginRegistryImpl - 	> email-notifier [1.5.1] has been loaded
13:55:30.270 [graviteeio-node] INFO  i.g.p.c.internal.PluginRegistryImpl - List of available entrypoint-connector: 
13:55:30.277 [graviteeio-node] INFO  i.g.p.c.internal.PluginRegistryImpl - 	> http-post [3.20.13] has been loaded
13:55:30.279 [graviteeio-node] INFO  i.g.p.c.internal.PluginRegistryImpl - 	> websocket [3.20.13] has been loaded
13:55:30.288 [graviteeio-node] INFO  i.g.p.c.internal.PluginRegistryImpl - 	> http-proxy [3.20.13] has been loaded
13:55:30.298 [graviteeio-node] INFO  i.g.p.c.internal.PluginRegistryImpl - 	> webhook [3.20.13] has been loaded
13:55:30.300 [graviteeio-node] INFO  i.g.p.c.internal.PluginRegistryImpl - 	> sse [3.20.13] has been loaded
13:55:30.304 [graviteeio-node] INFO  i.g.p.c.internal.PluginRegistryImpl - 	> http-get [3.20.13] has been loaded
13:55:30.306 [graviteeio-node] INFO  i.g.p.c.internal.PluginRegistryImpl - List of available identity_provider: 
13:55:30.308 [graviteeio-node] INFO  i.g.p.c.internal.PluginRegistryImpl - 	> ldap-idp [3.20.13] has been loaded
13:55:30.310 [graviteeio-node] INFO  i.g.p.c.internal.PluginRegistryImpl - 	> inmemory-idp [3.20.13] has been loaded
13:55:30.342 [graviteeio-node] INFO  i.g.p.c.internal.PluginRegistryImpl - 	> gravitee-idp [3.20.13] has been loaded
13:55:30.345 [graviteeio-node] INFO  i.g.p.c.internal.PluginRegistryImpl - List of available alert: 
13:55:30.347 [graviteeio-node] INFO  i.g.p.c.internal.PluginRegistryImpl - 	> alert-engine-connector-ws [2.0.0] has been loaded
13:55:30.350 [graviteeio-node] INFO  i.g.p.c.internal.PluginRegistryImpl - List of available service_discovery: 
13:55:30.352 [graviteeio-node] INFO  i.g.p.c.internal.PluginRegistryImpl - 	> consul-service-discovery [1.3.0] has been loaded
13:55:30.356 [graviteeio-node] INFO  i.g.p.c.internal.PluginRegistryImpl - List of available repository: 
13:55:30.358 [graviteeio-node] INFO  i.g.p.c.internal.PluginRegistryImpl - 	> repository-elasticsearch [3.20.13] has been loaded
13:55:30.359 [graviteeio-node] INFO  i.g.p.c.internal.PluginRegistryImpl - 	> repository-jdbc [3.20.13] has been loaded
13:55:30.365 [graviteeio-node] INFO  i.g.p.c.internal.PluginRegistryImpl - 	> repository-mongodb [3.20.13] has been loaded
13:55:30.371 [graviteeio-node] INFO  i.g.p.c.internal.PluginRegistryImpl - List of available cockpit: 
13:55:30.372 [graviteeio-node] INFO  i.g.p.c.internal.PluginRegistryImpl - 	> cockpit-connectors-ws [3.0.1] has been loaded
13:55:30.374 [graviteeio-node] INFO  i.g.p.c.internal.PluginRegistryImpl - List of available connector: 
13:55:30.378 [graviteeio-node] INFO  i.g.p.c.internal.PluginRegistryImpl - 	> connector-http [2.1.3] has been loaded
13:55:30.381 [graviteeio-node] INFO  i.g.p.c.internal.PluginEventListener - All plugins have been loaded. Installing...
13:55:30.501 [graviteeio-node] INFO  i.g.p.r.i.RepositoryPluginHandler - Register a new repository: repository-mongodb [io.gravitee.repository.mongodb.MongoRepositoryProvider]
13:55:30.546 [graviteeio-node] INFO  i.g.p.r.i.RepositoryPluginHandler - Repository [MANAGEMENT] loaded by mongodb
13:55:37.576 [graviteeio-node] WARN  o.s.data.convert.CustomConversions - Registering converter from class java.time.LocalDateTime to class org.joda.time.LocalDateTime as reading converter although it doesn't convert from a store-supported type; You might want to check your annotation setup at the converter implementation
13:55:40.869 [graviteeio-node] WARN  o.s.data.convert.CustomConversions - Registering converter from class java.time.LocalDateTime to class org.joda.time.LocalDateTime as reading converter although it doesn't convert from a store-supported type; You might want to check your annotation setup at the converter implementation
13:55:41.134 [graviteeio-node] WARN  o.s.data.convert.CustomConversions - Registering converter from class org.bson.BsonUndefined to class java.lang.Object as reading converter although it doesn't convert from a store-supported type; You might want to check your annotation setup at the converter implementation
13:55:41.148 [graviteeio-node] WARN  o.s.data.convert.CustomConversions - Registering converter from class java.time.LocalDateTime to class org.joda.time.LocalDateTime as reading converter although it doesn't convert from a store-supported type; You might want to check your annotation setup at the converter implementation
13:55:47.570 [graviteeio-node] WARN  o.s.data.convert.CustomConversions - Registering converter from class java.time.LocalDateTime to class org.joda.time.LocalDateTime as reading converter although it doesn't convert from a store-supported type; You might want to check your annotation setup at the converter implementation
13:55:47.577 [graviteeio-node] WARN  o.s.data.convert.CustomConversions - Registering converter from class java.time.LocalDateTime to class org.joda.time.LocalDateTime as reading converter although it doesn't convert from a store-supported type; You might want to check your annotation setup at the converter implementation
13:55:47.621 [graviteeio-node] INFO  i.g.p.r.i.RepositoryPluginHandler - Register a new repository: repository-elasticsearch [io.gravitee.repository.elasticsearch.ElasticsearchRepositoryProvider]
13:55:47.626 [graviteeio-node] INFO  i.g.p.r.i.RepositoryPluginHandler - Repository [ANALYTICS] loaded by elasticsearch
13:55:49.715 [vert.x-eventloop-thread-1] ERROR i.g.e.client.http.HttpClient - Unable to get a connection to Elasticsearch: Connection refused: elasticsearch/172.19.0.2:9200
13:55:49.741 [vert.x-eventloop-thread-1] ERROR i.g.e.client.http.HttpClient - Unable to get a connection to Elasticsearch: Connection refused: elasticsearch/172.19.0.2:9200
13:55:53.381 [vert.x-eventloop-thread-2] ERROR i.g.e.client.http.HttpClient - Unable to get a connection to Elasticsearch: Connection refused: elasticsearch/172.19.0.2:9200
13:55:54.741 [vert.x-eventloop-thread-3] ERROR i.g.e.client.http.HttpClient - Unable to get a connection to Elasticsearch: Connection refused: elasticsearch/172.19.0.2:9200
13:55:54.749 [vert.x-eventloop-thread-4] ERROR i.g.e.client.http.HttpClient - Unable to get a connection to Elasticsearch: Connection refused: elasticsearch/172.19.0.2:9200
13:55:59.942 [graviteeio-node] INFO  i.g.p.r.i.RepositoryPluginHandler - Register a new repository: repository-jdbc [io.gravitee.repository.jdbc.JdbcRepositoryProvider]
13:55:59.957 [graviteeio-node] INFO  i.g.p.a.internal.AlertPluginHandler - Install plugin: alert-engine-connector-ws [io.gravitee.ae.connector.ws.WsConnectorPlugin]
13:56:00.387 [graviteeio-node] INFO  i.g.p.cockpit.CockpitPluginHandler - Install plugin: cockpit-connectors-ws [io.gravitee.cockpit.connectors.ws.WebSocketCockpitConnector]
13:56:00.575 [graviteeio-node] INFO  i.g.c.c.c.s.MonitoringCollectorService - Starting monitoring collector service
13:56:00.626 [graviteeio-node] INFO  i.g.common.service.AbstractService - Initializing service io.gravitee.cockpit.connectors.ws.WebSocketCockpitConnector
13:56:00.631 [graviteeio-node] INFO  i.g.c.c.ws.WebSocketCockpitConnector - Cockpit connector is disabled.
13:56:00.636 [graviteeio-node] INFO  i.g.p.f.i.FetcherPluginHandler - Install plugin: bitbucket-fetcher [io.gravitee.fetcher.bitbucket.BitbucketFetcher]
13:56:00.665 [graviteeio-node] INFO  i.g.n.p.s.h.ServicePluginHandler - Install plugin: search-indexer [io.gravitee.rest.api.services.search.ScheduledSearchIndexerService]
13:56:00.757 [graviteeio-node] INFO  i.g.p.p.internal.PolicyPluginHandler - Install plugin: policy-openid-userinfo [io.gravitee.policy.openid.userinfo.UserInfoPolicy]
13:56:00.792 [graviteeio-node] INFO  i.g.r.a.s.i.s.p.PolicyPluginHandler - Install plugin: policy-openid-userinfo [io.gravitee.policy.openid.userinfo.UserInfoPolicy]
13:56:00.809 [graviteeio-node] INFO  i.g.p.d.i.ServiceDiscoveryPluginHandler - Install plugin: consul-service-discovery [io.gravitee.discovery.consul.ConsulServiceDiscovery]
13:56:00.824 [graviteeio-node] INFO  i.g.p.p.internal.PolicyPluginHandler - Install plugin: groovy [io.gravitee.policy.groovy.GroovyPolicy]
13:56:00.851 [graviteeio-node] INFO  i.g.r.a.s.i.s.p.PolicyPluginHandler - Install plugin: groovy [io.gravitee.policy.groovy.GroovyPolicy]
13:56:00.892 [graviteeio-node] INFO  i.g.p.e.i.EntrypointConnectorPluginHandler - Install plugin: sse [io.gravitee.plugin.entrypoint.sse.SseEntrypointConnectorFactory]
13:56:00.917 [graviteeio-node] INFO  i.g.p.e.i.EndpointConnectorPluginHandler - Install plugin: mqtt5 [io.gravitee.plugin.endpoint.mqtt5.Mqtt5EndpointConnectorFactory]
13:56:00.939 [graviteeio-node] INFO  i.g.p.e.i.EntrypointConnectorPluginHandler - Install plugin: http-proxy [io.gravitee.plugin.entrypoint.http.proxy.HttpProxyEntrypointConnectorFactory]
13:56:00.951 [graviteeio-node] INFO  i.g.p.p.internal.PolicyPluginHandler - Install plugin: cache [io.gravitee.policy.cache.CachePolicy]
13:56:00.984 [graviteeio-node] INFO  i.g.r.a.s.i.s.p.PolicyPluginHandler - Install plugin: cache [io.gravitee.policy.cache.CachePolicy]
13:56:01.028 [graviteeio-node] INFO  i.g.p.n.i.NotifierPluginHandler - Install plugin: slack-notifier [io.gravitee.notifier.slack.SlackNotifier]
13:56:01.052 [graviteeio-node] INFO  i.g.p.p.internal.PolicyPluginHandler - Install plugin: traffic-shadowing [io.gravitee.policy.trafficshadowing.TrafficShadowingPolicy]
13:56:01.066 [graviteeio-node] INFO  i.g.r.a.s.i.s.p.PolicyPluginHandler - Install plugin: traffic-shadowing [io.gravitee.policy.trafficshadowing.TrafficShadowingPolicy]
13:56:01.094 [graviteeio-node] INFO  i.g.p.p.internal.PolicyPluginHandler - Install plugin: rest-to-soap [io.gravitee.policy.rest2soap.RestToSoapTransformerPolicy]
13:56:01.115 [graviteeio-node] INFO  i.g.r.a.s.i.s.p.PolicyPluginHandler - Install plugin: rest-to-soap [io.gravitee.policy.rest2soap.RestToSoapTransformerPolicy]
13:56:01.140 [graviteeio-node] INFO  i.g.r.a.s.i.s.p.PolicyPluginHandler - Add a Swagger visitor for policy: idrest-to-soap
13:56:01.144 [graviteeio-node] INFO  i.g.p.p.internal.PolicyPluginHandler - Install plugin: xml-validation [io.gravitee.policy.xmlvalidation.XmlValidationPolicy]
13:56:01.158 [graviteeio-node] INFO  i.g.r.a.s.i.s.p.PolicyPluginHandler - Install plugin: xml-validation [io.gravitee.policy.xmlvalidation.XmlValidationPolicy]
13:56:01.184 [graviteeio-node] INFO  i.g.r.a.s.i.s.p.PolicyPluginHandler - Add a Swagger visitor for policy: idxml-validation
13:56:01.191 [graviteeio-node] INFO  i.g.p.r.i.ResourcePluginHandler - Install plugin: oauth2-am-resource [io.gravitee.resource.oauth2.am.OAuth2AMResource]
13:56:01.207 [graviteeio-node] INFO  i.g.p.n.i.NotifierPluginHandler - Install plugin: webhook-notifier [io.gravitee.notifier.webhook.WebhookNotifier]
13:56:01.217 [graviteeio-node] INFO  i.g.n.p.s.h.ServicePluginHandler - Install plugin: subscriptions-refresher [io.gravitee.rest.api.services.subscriptions.ScheduledSubscriptionsService]
13:56:01.255 [graviteeio-node] INFO  i.g.p.f.i.FetcherPluginHandler - Install plugin: git-fetcher [io.gravitee.fetcher.git.GitFetcher]
13:56:01.261 [graviteeio-node] INFO  i.g.p.p.internal.PolicyPluginHandler - Install plugin: json-threat-protection [io.gravitee.policy.threatprotection.json.JsonThreatProtectionPolicy]
13:56:01.276 [graviteeio-node] INFO  i.g.r.a.s.i.s.p.PolicyPluginHandler - Install plugin: json-threat-protection [io.gravitee.policy.threatprotection.json.JsonThreatProtectionPolicy]
13:56:01.298 [graviteeio-node] INFO  i.g.p.p.internal.PolicyPluginHandler - Install plugin: message-filtering [io.gravitee.policy.messagefiltering.MessageFilteringPolicy]
13:56:01.313 [graviteeio-node] INFO  i.g.r.a.s.i.s.p.PolicyPluginHandler - Install plugin: message-filtering [io.gravitee.policy.messagefiltering.MessageFilteringPolicy]
13:56:01.327 [graviteeio-node] INFO  i.g.p.p.internal.PolicyPluginHandler - Install plugin: latency [io.gravitee.policy.latency.LatencyPolicy]
13:56:01.338 [graviteeio-node] INFO  i.g.r.a.s.i.s.p.PolicyPluginHandler - Install plugin: latency [io.gravitee.policy.latency.LatencyPolicy]
13:56:01.350 [graviteeio-node] INFO  i.g.p.e.i.EntrypointConnectorPluginHandler - Install plugin: webhook [io.gravitee.plugin.entrypoint.webhook.WebhookEntrypointConnectorFactory]
13:56:01.379 [graviteeio-node] INFO  i.g.p.p.internal.PolicyPluginHandler - Install plugin: xml-threat-protection [io.gravitee.policy.threatprotection.xml.XmlThreatProtectionPolicy]
13:56:01.400 [graviteeio-node] INFO  i.g.r.a.s.i.s.p.PolicyPluginHandler - Install plugin: xml-threat-protection [io.gravitee.policy.threatprotection.xml.XmlThreatProtectionPolicy]
13:56:01.428 [graviteeio-node] INFO  i.g.p.p.internal.PolicyPluginHandler - Install plugin: regex-threat-protection [io.gravitee.policy.threatprotection.regex.RegexThreatProtectionPolicy]
13:56:01.446 [graviteeio-node] INFO  i.g.r.a.s.i.s.p.PolicyPluginHandler - Install plugin: regex-threat-protection [io.gravitee.policy.threatprotection.regex.RegexThreatProtectionPolicy]
13:56:01.461 [graviteeio-node] INFO  i.g.p.p.internal.PolicyPluginHandler - Install plugin: retry [io.gravitee.policy.retry.RetryPolicy]
13:56:01.470 [graviteeio-node] INFO  i.g.r.a.s.i.s.p.PolicyPluginHandler - Install plugin: retry [io.gravitee.policy.retry.RetryPolicy]
13:56:01.484 [graviteeio-node] INFO  i.g.p.e.i.EndpointConnectorPluginHandler - Install plugin: mock [io.gravitee.plugin.endpoint.mock.MockEndpointConnectorFactory]
13:56:01.491 [graviteeio-node] INFO  i.g.p.p.internal.PolicyPluginHandler - Install plugin: jws [io.gravitee.policy.jws.JWSPolicy]
13:56:01.499 [graviteeio-node] INFO  i.g.r.a.s.i.s.p.PolicyPluginHandler - Install plugin: jws [io.gravitee.policy.jws.JWSPolicy]
13:56:01.510 [graviteeio-node] INFO  i.g.p.p.internal.PolicyPluginHandler - Install plugin: html-json [io.gravitee.policy.html2Json.HTMLToJSONTransformationPolicy]
13:56:01.518 [graviteeio-node] INFO  i.g.r.a.s.i.s.p.PolicyPluginHandler - Install plugin: html-json [io.gravitee.policy.html2Json.HTMLToJSONTransformationPolicy]
13:56:01.527 [graviteeio-node] INFO  i.g.r.a.i.c.p.IdentityProviderPluginHandler - Register a new identity provider plugin: gravitee-idp [io.gravitee.rest.api.idp.repository.RepositoryIdentityProvider]
13:56:01.529 [graviteeio-node] INFO  i.g.p.p.internal.PolicyPluginHandler - Install plugin: transform-queryparams [io.gravitee.policy.transformqueryparams.TransformQueryParametersPolicy]
13:56:01.541 [graviteeio-node] INFO  i.g.r.a.s.i.s.p.PolicyPluginHandler - Install plugin: transform-queryparams [io.gravitee.policy.transformqueryparams.TransformQueryParametersPolicy]
13:56:01.559 [graviteeio-node] INFO  i.g.p.f.i.FetcherPluginHandler - Install plugin: github-fetcher [io.gravitee.fetcher.github.GitHubFetcher]
13:56:01.575 [graviteeio-node] INFO  i.g.p.p.internal.PolicyPluginHandler - Install plugin: dynamic-routing [io.gravitee.policy.dynamicrouting.DynamicRoutingPolicy]
13:56:01.598 [graviteeio-node] INFO  i.g.r.a.s.i.s.p.PolicyPluginHandler - Install plugin: dynamic-routing [io.gravitee.policy.dynamicrouting.DynamicRoutingPolicy]
13:56:01.633 [graviteeio-node] INFO  i.g.p.e.i.EntrypointConnectorPluginHandler - Install plugin: http-post [io.gravitee.plugin.entrypoint.http.post.HttpPostEntrypointConnectorFactory]
13:56:01.654 [graviteeio-node] INFO  i.g.r.a.i.c.p.IdentityProviderPluginHandler - Register a new identity provider plugin: inmemory-idp [io.gravitee.rest.api.idp.memory.InMemoryIdentityProvider]
13:56:01.660 [graviteeio-node] INFO  i.g.n.p.s.h.ServicePluginHandler - Install plugin: service-bridge-http-server [io.gravitee.repository.bridge.server.BridgeService]
13:56:01.745 [graviteeio-node] INFO  i.g.p.e.i.EndpointConnectorPluginHandler - Install plugin: http-proxy [io.gravitee.plugin.endpoint.http.proxy.HttpProxyEndpointConnectorFactory]
13:56:01.756 [graviteeio-node] INFO  i.g.p.p.internal.PolicyPluginHandler - Install plugin: rbac [io.gravitee.policy.rbac.RoleBasedAccessControlPolicy]
13:56:01.768 [graviteeio-node] INFO  i.g.r.a.s.i.s.p.PolicyPluginHandler - Install plugin: rbac [io.gravitee.policy.rbac.RoleBasedAccessControlPolicy]
13:56:01.778 [graviteeio-node] INFO  i.g.p.p.internal.PolicyPluginHandler - Install plugin: resource-filtering [io.gravitee.policy.resourcefiltering.ResourceFilteringPolicy]
13:56:01.788 [graviteeio-node] INFO  i.g.r.a.s.i.s.p.PolicyPluginHandler - Install plugin: resource-filtering [io.gravitee.policy.resourcefiltering.ResourceFilteringPolicy]
13:56:01.806 [graviteeio-node] INFO  i.g.p.f.i.FetcherPluginHandler - Install plugin: http-fetcher [io.gravitee.fetcher.http.HttpFetcher]
13:56:01.827 [graviteeio-node] INFO  i.g.p.p.internal.PolicyPluginHandler - Install plugin: policy-override-request-method [io.gravitee.policy.overriderequestmethod.OverrideRequestMethodPolicy]
13:56:01.843 [graviteeio-node] INFO  i.g.r.a.s.i.s.p.PolicyPluginHandler - Install plugin: policy-override-request-method [io.gravitee.policy.overriderequestmethod.OverrideRequestMethodPolicy]
13:56:01.859 [graviteeio-node] INFO  i.g.p.p.internal.PolicyPluginHandler - Install plugin: mock [io.gravitee.policy.mock.MockPolicy]
13:56:01.897 [graviteeio-node] INFO  i.g.r.a.s.i.s.p.PolicyPluginHandler - Install plugin: mock [io.gravitee.policy.mock.MockPolicy]
13:56:01.958 [graviteeio-node] INFO  i.g.r.a.s.i.s.p.PolicyPluginHandler - Add a Swagger visitor for policy: idmock
13:56:01.961 [graviteeio-node] INFO  i.g.p.p.internal.PolicyPluginHandler - Install plugin: policy-request-validation [io.gravitee.policy.requestvalidation.RequestValidationPolicy]
13:56:01.978 [graviteeio-node] INFO  i.g.r.a.s.i.s.p.PolicyPluginHandler - Install plugin: policy-request-validation [io.gravitee.policy.requestvalidation.RequestValidationPolicy]
13:56:02.018 [graviteeio-node] INFO  i.g.r.a.s.i.s.p.PolicyPluginHandler - Add a Swagger visitor for policy: idpolicy-request-validation
13:56:02.020 [graviteeio-node] INFO  i.g.p.p.internal.PolicyPluginHandler - Install plugin: xml-json [io.gravitee.policy.xml2json.XmlToJsonTransformationPolicy]
13:56:02.049 [graviteeio-node] INFO  i.g.r.a.s.i.s.p.PolicyPluginHandler - Install plugin: xml-json [io.gravitee.policy.xml2json.XmlToJsonTransformationPolicy]
13:56:02.112 [graviteeio-node] INFO  i.g.r.a.s.i.s.p.PolicyPluginHandler - Add a Swagger visitor for policy: idxml-json
13:56:02.121 [graviteeio-node] INFO  i.g.p.e.i.EndpointConnectorPluginHandler - Install plugin: kafka [io.gravitee.plugin.endpoint.kafka.KafkaEndpointConnectorFactory]
13:56:02.151 [graviteeio-node] INFO  i.g.p.p.internal.PolicyPluginHandler - Install plugin: http-signature [io.gravitee.policy.httpsignature.HttpSignaturePolicy]
13:56:02.171 [graviteeio-node] INFO  i.g.r.a.s.i.s.p.PolicyPluginHandler - Install plugin: http-signature [io.gravitee.policy.httpsignature.HttpSignaturePolicy]
13:56:02.221 [graviteeio-node] INFO  i.g.p.p.internal.PolicyPluginHandler - Install plugin: json-to-json [io.gravitee.policy.json2json.JsonToJsonTransformationPolicy]
13:56:02.235 [graviteeio-node] INFO  i.g.r.a.s.i.s.p.PolicyPluginHandler - Install plugin: json-to-json [io.gravitee.policy.json2json.JsonToJsonTransformationPolicy]
13:56:02.257 [graviteeio-node] INFO  i.g.n.p.s.h.ServicePluginHandler - Install plugin: subscription-expiration-notifier [io.gravitee.rest.api.services.subscriptionpreexpirationnotif.ScheduledSubscriptionPreExpirationNotificationService]
13:56:02.319 [graviteeio-node] INFO  i.g.p.p.internal.PolicyPluginHandler - Install plugin: ssl-enforcement [io.gravitee.policy.sslenforcement.SslEnforcementPolicy]
13:56:02.328 [graviteeio-node] INFO  i.g.r.a.s.i.s.p.PolicyPluginHandler - Install plugin: ssl-enforcement [io.gravitee.policy.sslenforcement.SslEnforcementPolicy]
13:56:02.347 [graviteeio-node] INFO  i.g.p.f.i.FetcherPluginHandler - Install plugin: gitlab-fetcher [io.gravitee.fetcher.gitlab.GitlabFetcher]
13:56:02.361 [graviteeio-node] INFO  i.g.p.p.internal.PolicyPluginHandler - Install plugin: api-key [io.gravitee.policy.apikey.ApiKeyPolicy]
13:56:02.391 [graviteeio-node] INFO  i.g.r.a.s.i.s.p.PolicyPluginHandler - Install plugin: api-key [io.gravitee.policy.apikey.ApiKeyPolicy]
13:56:02.425 [graviteeio-node] INFO  i.g.p.p.internal.PolicyPluginHandler - Install plugin: jwt [io.gravitee.policy.jwt.JWTPolicy]
13:56:02.465 [graviteeio-node] INFO  i.g.r.a.s.i.s.p.PolicyPluginHandler - Install plugin: jwt [io.gravitee.policy.jwt.JWTPolicy]
13:56:02.527 [graviteeio-node] INFO  i.g.p.p.internal.PolicyPluginHandler - Install plugin: rate-limit [io.gravitee.policy.ratelimit.RateLimitPolicy]
13:56:02.545 [graviteeio-node] INFO  i.g.r.a.s.i.s.p.PolicyPluginHandler - Install plugin: rate-limit [io.gravitee.policy.ratelimit.RateLimitPolicy]
13:56:02.571 [graviteeio-node] INFO  i.g.p.p.internal.PolicyPluginHandler - Install plugin: policy-generate-jwt [io.gravitee.policy.generatejwt.GenerateJwtPolicy]
13:56:02.602 [graviteeio-node] INFO  i.g.r.a.s.i.s.p.PolicyPluginHandler - Install plugin: policy-generate-jwt [io.gravitee.policy.generatejwt.GenerateJwtPolicy]
13:56:02.636 [graviteeio-node] INFO  i.g.p.p.internal.PolicyPluginHandler - Install plugin: policy-assign-content [io.gravitee.policy.assigncontent.AssignContentPolicy]
13:56:02.669 [graviteeio-node] INFO  i.g.r.a.s.i.s.p.PolicyPluginHandler - Install plugin: policy-assign-content [io.gravitee.policy.assigncontent.AssignContentPolicy]
13:56:02.705 [graviteeio-node] INFO  i.g.p.p.internal.PolicyPluginHandler - Install plugin: spike-arrest [io.gravitee.policy.spike.SpikeArrestPolicy]
13:56:02.720 [graviteeio-node] INFO  i.g.r.a.s.i.s.p.PolicyPluginHandler - Install plugin: spike-arrest [io.gravitee.policy.spike.SpikeArrestPolicy]
13:56:02.732 [graviteeio-node] INFO  i.g.p.p.internal.PolicyPluginHandler - Install plugin: key-less [io.gravitee.policy.keyless.KeylessPolicy]
13:56:02.739 [graviteeio-node] INFO  i.g.p.p.i.PolicyConfigurationClassFinder - No policy configuration class defined for policy io.gravitee.policy.keyless.KeylessPolicy
13:56:02.742 [graviteeio-node] INFO  i.g.r.a.s.i.s.p.PolicyPluginHandler - Install plugin: key-less [io.gravitee.policy.keyless.KeylessPolicy]
13:56:02.749 [graviteeio-node] INFO  i.g.p.p.i.PolicyConfigurationClassFinder - No policy configuration class defined for policy io.gravitee.policy.keyless.KeylessPolicy
13:56:02.756 [graviteeio-node] INFO  i.g.p.p.internal.PolicyPluginHandler - Install plugin: url-rewriting [io.gravitee.policy.urlrewriting.URLRewritingPolicy]
13:56:02.765 [graviteeio-node] INFO  i.g.r.a.s.i.s.p.PolicyPluginHandler - Install plugin: url-rewriting [io.gravitee.policy.urlrewriting.URLRewritingPolicy]
13:56:02.777 [graviteeio-node] INFO  i.g.r.a.i.c.p.IdentityProviderPluginHandler - Register a new identity provider plugin: ldap-idp [io.gravitee.rest.api.idp.ldap.LdapIdentityProvider]
13:56:02.779 [graviteeio-node] INFO  i.g.p.p.internal.PolicyPluginHandler - Install plugin: policy-assign-attributes [io.gravitee.policy.assignattributes.AssignAttributesPolicy]
13:56:02.788 [graviteeio-node] INFO  i.g.r.a.s.i.s.p.PolicyPluginHandler - Install plugin: policy-assign-attributes [io.gravitee.policy.assignattributes.AssignAttributesPolicy]
13:56:02.804 [graviteeio-node] INFO  i.g.p.e.i.EntrypointConnectorPluginHandler - Install plugin: http-get [io.gravitee.plugin.entrypoint.http.get.HttpGetEntrypointConnectorFactory]
13:56:02.818 [graviteeio-node] INFO  i.g.p.p.internal.PolicyPluginHandler - Install plugin: quota [io.gravitee.policy.quota.QuotaPolicy]
13:56:02.831 [graviteeio-node] INFO  i.g.r.a.s.i.s.p.PolicyPluginHandler - Install plugin: quota [io.gravitee.policy.quota.QuotaPolicy]
13:56:02.847 [graviteeio-node] INFO  i.g.n.p.s.h.ServicePluginHandler - Install plugin: mgmt-service-dynamicproperties [io.gravitee.rest.api.services.dynamicproperties.DynamicPropertiesService]
13:56:02.919 [graviteeio-node] INFO  i.g.p.r.i.ResourcePluginHandler - Install plugin: oauth2 [io.gravitee.resource.oauth2.generic.OAuth2GenericResource]
13:56:02.937 [graviteeio-node] INFO  i.g.p.p.internal.PolicyPluginHandler - Install plugin: ip-filtering [io.gravitee.policy.ipfiltering.IPFilteringPolicy]
13:56:02.948 [graviteeio-node] INFO  i.g.r.a.s.i.s.p.PolicyPluginHandler - Install plugin: ip-filtering [io.gravitee.policy.ipfiltering.IPFilteringPolicy]
13:56:02.959 [graviteeio-node] INFO  i.g.p.p.internal.PolicyPluginHandler - Install plugin: metrics-reporter [io.gravitee.policy.metricsreporter.MetricsReporterPolicy]
13:56:02.970 [graviteeio-node] INFO  i.g.r.a.s.i.s.p.PolicyPluginHandler - Install plugin: metrics-reporter [io.gravitee.policy.metricsreporter.MetricsReporterPolicy]
13:56:02.988 [graviteeio-node] INFO  i.g.p.p.internal.PolicyPluginHandler - Install plugin: json-validation [io.gravitee.policy.jsonvalidation.JsonValidationPolicy]
13:56:02.997 [graviteeio-node] INFO  i.g.r.a.s.i.s.p.PolicyPluginHandler - Install plugin: json-validation [io.gravitee.policy.jsonvalidation.JsonValidationPolicy]
13:56:03.016 [graviteeio-node] INFO  i.g.r.a.s.i.s.p.PolicyPluginHandler - Add a Swagger visitor for policy: idjson-validation
13:56:03.018 [graviteeio-node] INFO  i.g.p.c.i.ConnectorPluginHandler - Install plugin: connector-http [io.gravitee.connector.http.HttpConnectorFactory]
13:56:03.032 [graviteeio-node] INFO  i.g.p.c.i.ConnectorConfigurationClassFinder - No connector configuration class defined for connector io.gravitee.connector.http.HttpConnectorFactory
13:56:03.039 [graviteeio-node] INFO  i.g.p.e.i.EntrypointConnectorPluginHandler - Install plugin: websocket [io.gravitee.plugin.entrypoint.websocket.WebSocketEntrypointConnectorFactory]
13:56:03.052 [graviteeio-node] INFO  i.g.p.p.internal.PolicyPluginHandler - Install plugin: json-xml [io.gravitee.policy.json2xml.JsonToXmlTransformationPolicy]
13:56:03.070 [graviteeio-node] INFO  i.g.r.a.s.i.s.p.PolicyPluginHandler - Install plugin: json-xml [io.gravitee.policy.json2xml.JsonToXmlTransformationPolicy]
13:56:03.094 [graviteeio-node] INFO  i.g.n.p.s.h.ServicePluginHandler - Install plugin: mgmt-service-sync [io.gravitee.rest.api.services.sync.ScheduledSyncService]
13:56:03.141 [graviteeio-node] INFO  i.g.p.p.internal.PolicyPluginHandler - Install plugin: transform-headers [io.gravitee.policy.transformheaders.TransformHeadersPolicy]
13:56:03.155 [graviteeio-node] INFO  i.g.r.a.s.i.s.p.PolicyPluginHandler - Install plugin: transform-headers [io.gravitee.policy.transformheaders.TransformHeadersPolicy]
13:56:03.177 [graviteeio-node] INFO  i.g.p.r.i.ResourcePluginHandler - Install plugin: cache [io.gravitee.resource.cache.InMemoryCacheResource]
13:56:03.194 [graviteeio-node] INFO  i.g.p.p.internal.PolicyPluginHandler - Install plugin: xslt [io.gravitee.policy.xslt.XSLTTransformationPolicy]
13:56:03.211 [graviteeio-node] INFO  i.g.r.a.s.i.s.p.PolicyPluginHandler - Install plugin: xslt [io.gravitee.policy.xslt.XSLTTransformationPolicy]
13:56:03.231 [graviteeio-node] INFO  i.g.p.n.i.NotifierPluginHandler - Install plugin: email-notifier [io.gravitee.notifier.email.EmailNotifier]
13:56:03.239 [graviteeio-node] INFO  i.g.p.p.internal.PolicyPluginHandler - Install plugin: generate-http-signature [io.gravitee.policy.generatehttpsignature.GenerateHttpSignaturePolicy]
13:56:03.247 [graviteeio-node] INFO  i.g.r.a.s.i.s.p.PolicyPluginHandler - Install plugin: generate-http-signature [io.gravitee.policy.generatehttpsignature.GenerateHttpSignaturePolicy]
13:56:03.256 [graviteeio-node] INFO  i.g.n.p.s.h.ServicePluginHandler - Install plugin: auto-fetch [io.gravitee.rest.api.services.fetcher.ScheduledAutoFetchService]
13:56:03.281 [graviteeio-node] INFO  i.g.p.p.internal.PolicyPluginHandler - Install plugin: request-content-limit [io.gravitee.policy.rcl.RequestContentLimitPolicy]
13:56:03.287 [graviteeio-node] INFO  i.g.r.a.s.i.s.p.PolicyPluginHandler - Install plugin: request-content-limit [io.gravitee.policy.rcl.RequestContentLimitPolicy]
13:56:03.294 [graviteeio-node] INFO  i.g.p.p.internal.PolicyPluginHandler - Install plugin: oauth2 [io.gravitee.policy.oauth2.Oauth2Policy]
13:56:03.305 [graviteeio-node] INFO  i.g.r.a.s.i.s.p.PolicyPluginHandler - Install plugin: oauth2 [io.gravitee.policy.oauth2.Oauth2Policy]
13:56:03.318 [graviteeio-node] INFO  i.g.n.p.s.h.ServicePluginHandler - Install plugin: mgmt-service-dictionary [io.gravitee.rest.api.services.dictionary.DictionaryService]
13:56:03.399 [graviteeio-node] INFO  i.g.p.p.internal.PolicyPluginHandler - Install plugin: policy-http-callout [io.gravitee.policy.callout.CalloutHttpPolicy]
13:56:03.452 [graviteeio-node] INFO  i.g.r.a.s.i.s.p.PolicyPluginHandler - Install plugin: policy-http-callout [io.gravitee.policy.callout.CalloutHttpPolicy]
13:56:03.470 [graviteeio-node] INFO  i.g.p.c.internal.PluginRegistryImpl - Plugins have been loaded and installed.
13:56:03.471 [graviteeio-node] INFO  i.g.r.a.s.node.GraviteeApisNode - 	Starting component: ServiceManager
13:56:03.473 [graviteeio-node] INFO  i.g.common.service.AbstractService - Initializing service Plugins - Services Manager
13:56:03.479 [graviteeio-node] INFO  i.g.common.service.AbstractService - Initializing service Search Indexer Service
13:56:03.480 [graviteeio-node] INFO  i.g.r.a.s.s.ScheduledSearchIndexerService - Search Indexer service has been initialized with cron [*/5 * * * * *]
13:56:03.482 [graviteeio-node] INFO  i.g.common.service.AbstractService - Initializing service Subscriptions Refresher Service
13:56:03.484 [graviteeio-node] INFO  i.g.r.a.s.s.ScheduledSubscriptionsService - Subscriptions Refresher service has been initialized with cron [0 1 * * * *]
13:56:03.499 [graviteeio-node] INFO  i.g.r.a.s.s.ScheduledSubscriptionPreExpirationNotificationService - Subscription Pre Expiration Notification service has been initialized with cron [0 0 */1 * * *]
13:56:03.502 [graviteeio-node] INFO  i.g.common.service.AbstractService - Initializing service Dynamic Properties Service
13:56:03.505 [graviteeio-node] INFO  i.g.c.event.impl.EventManagerImpl - Register new listener DynamicPropertiesService for event type class io.gravitee.rest.api.service.event.ApiEvent
13:56:03.507 [graviteeio-node] INFO  i.g.common.service.AbstractService - Initializing service Sync Service
13:56:03.510 [graviteeio-node] INFO  i.g.r.a.s.sync.ScheduledSyncService - Sync service has been initialized with cron [*/5 * * * * *]
13:56:03.512 [graviteeio-node] INFO  i.g.common.service.AbstractService - Initializing service Auto Fetch Service
13:56:03.514 [graviteeio-node] INFO  i.g.r.a.s.f.ScheduledAutoFetchService - Auto Fetch service has been initialized with cron [0 */5 * * * *]
13:56:03.517 [graviteeio-node] INFO  i.g.common.service.AbstractService - Initializing service Dictionary Service
13:56:03.520 [graviteeio-node] INFO  i.g.c.event.impl.EventManagerImpl - Register new listener DictionaryService for event type class io.gravitee.rest.api.service.event.DictionaryEvent
13:56:03.523 [graviteeio-node] INFO  i.g.r.a.s.node.GraviteeApisNode - 	Starting component: ManagementService
13:56:03.527 [graviteeio-node] INFO  i.g.common.service.AbstractService - Initializing service Node Management API service
13:56:03.541 [graviteeio-node] INFO  i.g.r.a.s.node.GraviteeApisNode - 	Starting component: NodeMonitoringEventHandler
13:56:03.544 [vert.x-eventloop-thread-7] INFO  i.g.n.m.h.v.v.ManagementVerticle - Start HTTP listener for Node Management API
13:56:03.545 [graviteeio-node] INFO  i.g.common.service.AbstractService - Initializing service io.gravitee.node.monitoring.handler.NodeMonitoringEventHandler
13:56:03.554 [graviteeio-node] INFO  i.g.r.a.s.node.GraviteeApisNode - 	Starting component: NodeInfosService
13:56:03.558 [graviteeio-node] INFO  i.g.n.m.infos.NodeInfosService - Starting node infos service
13:56:03.559 [graviteeio-node] INFO  i.g.common.service.AbstractService - Initializing service Node Infos Service
13:56:03.574 [graviteeio-node] INFO  i.g.n.m.infos.NodeInfosService - Start node infos service: DONE
13:56:03.577 [graviteeio-node] INFO  i.g.r.a.s.node.GraviteeApisNode - 	Starting component: NodeHealthCheckService
13:56:03.580 [graviteeio-node] INFO  i.g.common.service.AbstractService - Initializing service Node Health-check service
13:56:03.610 [vert.x-eventloop-thread-7] INFO  i.g.n.m.h.v.e.ManagementEndpointManagerImpl - Register a new endpoint for Management API: GET / [io.gravitee.node.management.http.node.NodeEndpoint]
13:56:03.610 [graviteeio-node] INFO  i.g.n.m.h.v.e.ManagementEndpointManagerImpl - Register a new endpoint for Management API: GET /health [io.gravitee.node.monitoring.healthcheck.NodeHealthCheckManagementEndpoint]
13:56:03.611 [vert.x-eventloop-thread-7] INFO  i.g.n.m.h.v.e.ManagementEndpointManagerImpl - Register a new endpoint for Management API: GET /configuration [io.gravitee.node.management.http.configuration.ConfigurationEndpoint]
13:56:03.616 [vert.x-eventloop-thread-7] INFO  i.g.n.m.h.v.v.ManagementVerticle - HTTP listener for Node Management bind to port TCP:18083
13:56:03.624 [graviteeio-node] INFO  i.g.r.a.s.node.GraviteeApisNode - 	Starting component: NodeMonitorService
13:56:03.628 [graviteeio-node] INFO  i.g.common.service.AbstractService - Initializing service Node Monitor Service
13:56:04.270 [graviteeio-node] INFO  i.g.n.m.monitor.NodeMonitorService - Node monitoring scheduled with fixed delay 5000 MILLISECONDS 
13:56:04.272 [graviteeio-node] INFO  i.g.n.m.h.v.e.ManagementEndpointManagerImpl - Register a new endpoint for Management API: GET /monitor [io.gravitee.node.monitoring.monitor.NodeMonitorManagementEndpoint]
13:56:04.273 [graviteeio-node] INFO  i.g.r.a.s.node.GraviteeApisNode - 	Starting component: ReporterManager
13:56:04.276 [graviteeio-node] INFO  i.g.common.service.AbstractService - Initializing service Reporter service
13:56:04.278 [graviteeio-node] INFO  i.g.r.a.s.node.GraviteeApisNode - 	Starting component: KeyStoreLoaderManager
13:56:04.280 [graviteeio-node] INFO  i.g.common.service.AbstractService - Initializing service io.gravitee.node.certificates.KeyStoreLoaderManager
13:56:04.282 [graviteeio-node] INFO  i.g.r.a.s.node.GraviteeApisNode - 	Starting component: InitializerService
13:56:04.283 [vert.x-eventloop-thread-1] INFO  i.g.n.r.vertx.ReporterManagerImpl - 	There is no reporter to start
13:56:04.284 [graviteeio-node] INFO  i.g.common.service.AbstractService - Initializing service Upgrader service
13:56:04.287 [graviteeio-node] INFO  i.g.r.a.s.impl.UpgraderServiceImpl - Running upgrader io.gravitee.rest.api.service.impl.upgrade.DefaultInstallationUpgrader
13:56:04.328 [graviteeio-node] INFO  i.g.r.a.s.i.u.DefaultInstallationUpgrader - Current installation id is [e44145c3-1312-45c4-8145-c3131275c4e2]
13:56:04.330 [graviteeio-node] INFO  i.g.r.a.s.impl.UpgraderServiceImpl - Running upgrader io.gravitee.rest.api.service.impl.upgrade.DefaultEnvironmentUpgrader
13:56:04.422 [graviteeio-node] INFO  i.g.r.a.s.i.u.DefaultEnvironmentUpgrader -     No environment found. Add default one.
13:56:04.636 [graviteeio-node] INFO  i.g.r.a.s.impl.UpgraderServiceImpl - Running upgrader io.gravitee.rest.api.service.impl.upgrade.DefaultMetadataUpgrader
13:56:04.654 [graviteeio-node] INFO  i.g.r.a.s.i.u.DefaultMetadataUpgrader -     No default metadata for email support found. Add default one.
13:56:05.346 [graviteeio-node] INFO  i.g.r.a.s.i.u.DefaultMetadataUpgrader -     Added default metadata for email support with success: MetadataEntity{key='email-support', name='Email support', format=MAIL, value='support@change.me'}
13:56:05.379 [graviteeio-node] INFO  i.g.r.a.s.impl.UpgraderServiceImpl - Running upgrader io.gravitee.rest.api.service.impl.upgrade.DefaultDashboardsUpgrader
13:56:05.389 [graviteeio-node] INFO  i.g.r.a.s.i.u.DefaultDashboardsUpgrader -     No default PLATFORM's dashboards, creating default ones...
13:56:05.698 [graviteeio-node] INFO  i.g.r.a.s.i.u.DefaultDashboardsUpgrader -     Added default PLATFORM's dashboards with success
13:56:05.701 [graviteeio-node] INFO  i.g.r.a.s.i.u.DefaultDashboardsUpgrader -     No default API's dashboards, creating default ones...
13:56:05.781 [graviteeio-node] INFO  i.g.r.a.s.i.u.DefaultDashboardsUpgrader -     Added default API's dashboards with success
13:56:05.784 [graviteeio-node] INFO  i.g.r.a.s.i.u.DefaultDashboardsUpgrader -     No default APPLICATION's dashboards, creating default ones...
13:56:05.893 [graviteeio-node] INFO  i.g.r.a.s.i.u.DefaultDashboardsUpgrader -     Added default APPLICATION's dashboards with success
13:56:05.896 [graviteeio-node] INFO  i.g.r.a.s.impl.UpgraderServiceImpl - Running upgrader io.gravitee.rest.api.service.impl.upgrade.DocumentationSystemFolderUpgrader
13:56:05.907 [graviteeio-node] INFO  i.g.r.a.s.i.u.EnvironmentUpgrader - Starting DocumentationSystemFolderUpgrader for ExecutionContext{organizationId='DEFAULT', environmentId=Optional[DEFAULT]}
13:56:05.923 [graviteeio-node] INFO  i.g.r.a.s.i.u.DocumentationSystemFolderUpgrader - No system folders found. Add system folders in documentation, for portal and each API.
13:56:07.575 [graviteeio-node] INFO  i.g.r.a.s.impl.UpgraderServiceImpl - Running upgrader io.gravitee.rest.api.service.impl.upgrade.DefaultOrganizationUpgrader
13:56:07.588 [graviteeio-node] INFO  i.g.r.a.s.i.u.DefaultOrganizationUpgrader -     No organization found. Add default one.
13:56:07.898 [graviteeio-node] INFO  i.g.r.a.s.impl.UpgraderServiceImpl - Running upgrader io.gravitee.rest.api.service.impl.upgrade.OrphanCategoryUpgrader
13:56:07.910 [graviteeio-node] INFO  i.g.r.a.s.i.upgrade.OneShotUpgrader - Starting OrphanCategoryUpgrader execution with dry-run disabled
13:56:08.043 [graviteeio-node] INFO  i.g.r.a.s.i.upgrade.OneShotUpgrader - Finishing OrphanCategoryUpgrader execution
13:56:08.047 [graviteeio-node] INFO  i.g.r.a.s.impl.UpgraderServiceImpl - Running upgrader io.gravitee.rest.api.service.impl.upgrade.DefaultRolesUpgrader
13:56:08.063 [graviteeio-node] INFO  i.g.r.a.s.i.upgrade.OneShotUpgrader - Starting DefaultRolesUpgrader execution with dry-run disabled
13:56:08.121 [graviteeio-node] INFO  i.g.r.a.service.impl.RoleServiceImpl -      - <ORGANIZATION> USER (default)
13:56:08.686 [graviteeio-node] INFO  i.g.r.a.service.impl.RoleServiceImpl -      - <ENVIRONMENT> API_PUBLISHER
13:56:08.986 [graviteeio-node] INFO  i.g.r.a.service.impl.RoleServiceImpl -      - <ENVIRONMENT> USER (default)
13:56:09.095 [graviteeio-node] INFO  i.g.r.a.service.impl.RoleServiceImpl -      - <API> USER (default)
13:56:09.173 [graviteeio-node] INFO  i.g.r.a.service.impl.RoleServiceImpl -      - <API> OWNER
13:56:09.231 [graviteeio-node] INFO  i.g.r.a.service.impl.RoleServiceImpl -      - <API> REVIEWER
13:56:09.311 [graviteeio-node] INFO  i.g.r.a.service.impl.RoleServiceImpl -      - <APPLICATION> USER (default)
13:56:09.389 [graviteeio-node] INFO  i.g.r.a.service.impl.RoleServiceImpl -      - <APPLICATION> OWNER
13:56:09.431 [graviteeio-node] INFO  i.g.r.a.service.impl.RoleServiceImpl -       - <ORGANIZATION> ADMIN (system)
13:56:09.453 [graviteeio-node] INFO  i.g.r.a.service.impl.RoleServiceImpl -       - <ENVIRONMENT> ADMIN (system)
13:56:09.487 [graviteeio-node] INFO  i.g.r.a.service.impl.RoleServiceImpl -       - <API> PRIMARY_OWNER (system)
13:56:09.519 [graviteeio-node] INFO  i.g.r.a.service.impl.RoleServiceImpl -       - <APPLICATION> PRIMARY_OWNER (system)
13:56:09.552 [graviteeio-node] INFO  i.g.r.a.service.impl.RoleServiceImpl -       - <GROUP> ADMIN (system)
13:56:09.629 [graviteeio-node] INFO  i.g.r.a.s.i.upgrade.OneShotUpgrader - Finishing DefaultRolesUpgrader execution
13:56:09.631 [graviteeio-node] INFO  i.g.r.a.s.impl.UpgraderServiceImpl - Running upgrader io.gravitee.rest.api.service.impl.upgrade.DefaultOrganizationAdminRoleUpgrader
13:56:09.644 [graviteeio-node] INFO  i.g.r.a.s.i.u.OrganizationUpgrader - Starting DefaultOrganizationAdminRoleUpgrader for ExecutionContext{organizationId='DEFAULT', environmentId=Optional.empty}
13:56:09.648 [graviteeio-node] INFO  i.g.r.a.service.impl.RoleServiceImpl -       - <ORGANIZATION> ADMIN (system)
13:56:09.677 [graviteeio-node] INFO  i.g.r.a.s.impl.UpgraderServiceImpl - Running upgrader io.gravitee.rest.api.service.impl.upgrade.ApiPrimaryOwnerRemovalUpgrader
13:56:09.721 [graviteeio-node] INFO  i.g.r.a.s.impl.UpgraderServiceImpl - Running upgrader io.gravitee.rest.api.service.impl.upgrade.DefaultCategoryUpgrader
13:56:09.730 [graviteeio-node] INFO  i.g.r.a.s.impl.UpgraderServiceImpl - Running upgrader io.gravitee.rest.api.service.impl.upgrade.DefaultUserStatusUpgrader
13:56:09.738 [graviteeio-node] INFO  i.g.r.a.s.i.u.OrganizationUpgrader - Starting DefaultUserStatusUpgrader for ExecutionContext{organizationId='DEFAULT', environmentId=Optional.empty}
13:56:09.782 [graviteeio-node] INFO  i.g.r.a.s.impl.UpgraderServiceImpl - Running upgrader io.gravitee.rest.api.service.impl.upgrade.CockpitIdUpgrader
13:56:09.815 [graviteeio-node] INFO  i.g.r.a.s.impl.UpgraderServiceImpl - Running upgrader io.gravitee.rest.api.service.impl.upgrade.DefaultPageRevisionUpgrader
13:56:09.840 [graviteeio-node] INFO  i.g.r.a.s.i.u.DefaultPageRevisionUpgrader - No page revisions found. Create a default revision based on pages.
13:56:09.975 [graviteeio-node] INFO  i.g.r.a.s.impl.UpgraderServiceImpl - Running upgrader io.gravitee.rest.api.service.impl.upgrade.DefaultParameterUpgrader
13:56:09.977 [graviteeio-node] INFO  i.g.r.a.s.impl.UpgraderServiceImpl - Running upgrader io.gravitee.rest.api.service.impl.upgrade.SearchIndexUpgrader
13:56:10.014 [graviteeio-node] INFO  i.g.r.a.s.impl.UpgraderServiceImpl - Running upgrader io.gravitee.rest.api.service.impl.upgrade.DefaultApiHeaderUpgrader
13:56:10.026 [graviteeio-node] INFO  i.g.r.a.s.i.u.EnvironmentUpgrader - Starting DefaultApiHeaderUpgrader for ExecutionContext{organizationId='DEFAULT', environmentId=Optional[DEFAULT]}
13:56:10.035 [graviteeio-node] INFO  i.g.r.a.s.i.u.DefaultApiHeaderUpgrader - Create default API Headers configuration for ExecutionContext{organizationId='DEFAULT', environmentId=Optional[DEFAULT]}
13:56:10.349 [graviteeio-node] INFO  i.g.r.a.s.impl.UpgraderServiceImpl - Running upgrader io.gravitee.rest.api.service.impl.upgrade.IdentityProviderUpgrader
13:56:10.351 [graviteeio-node] INFO  i.g.r.a.s.impl.UpgraderServiceImpl - Running upgrader io.gravitee.rest.api.service.impl.upgrade.DefaultThemeUpgrader
13:56:10.369 [graviteeio-node] INFO  i.g.r.a.s.i.u.EnvironmentUpgrader - Starting DefaultThemeUpgrader for ExecutionContext{organizationId='DEFAULT', environmentId=Optional[DEFAULT]}
13:56:10.422 [graviteeio-node] INFO  i.g.r.a.s.impl.UpgraderServiceImpl - Running upgrader io.gravitee.rest.api.service.impl.upgrade.IdentityProviderActivationUpgrader
13:56:10.462 [graviteeio-node] INFO  i.g.r.a.s.i.u.IdentityProviderActivationUpgrader -     No activation found. Active all idp on all target by default if enabled.
13:56:10.491 [graviteeio-node] INFO  i.g.r.a.s.impl.UpgraderServiceImpl - Running upgrader io.gravitee.rest.api.service.impl.upgrade.ApplicationApiKeyModeUpgrader
13:56:10.506 [graviteeio-node] INFO  i.g.r.a.s.i.upgrade.OneShotUpgrader - Starting ApplicationApiKeyModeUpgrader execution with dry-run disabled
13:56:10.579 [graviteeio-node] INFO  i.g.r.a.s.i.upgrade.OneShotUpgrader - Finishing ApplicationApiKeyModeUpgrader execution
13:56:10.581 [graviteeio-node] INFO  i.g.r.a.s.impl.UpgraderServiceImpl - Running upgrader io.gravitee.rest.api.service.impl.upgrade.AlertsEnvironmentUpgrader
13:56:10.586 [graviteeio-node] INFO  i.g.r.a.s.i.upgrade.OneShotUpgrader - Starting AlertsEnvironmentUpgrader execution with dry-run disabled
13:56:10.620 [graviteeio-node] INFO  i.g.r.a.s.i.upgrade.OneShotUpgrader - Finishing AlertsEnvironmentUpgrader execution
13:56:10.623 [graviteeio-node] INFO  i.g.r.a.s.impl.UpgraderServiceImpl - Running upgrader io.gravitee.rest.api.service.impl.upgrade.CommandOrganizationUpgrader
13:56:10.636 [graviteeio-node] INFO  i.g.r.a.s.i.upgrade.OneShotUpgrader - Starting CommandOrganizationUpgrader execution with dry-run disabled
13:56:10.755 [graviteeio-node] INFO  i.g.r.a.s.i.upgrade.OneShotUpgrader - Finishing CommandOrganizationUpgrader execution
13:56:10.762 [graviteeio-node] INFO  i.g.r.a.s.impl.UpgraderServiceImpl - Running upgrader io.gravitee.rest.api.service.impl.upgrade.PlansDataFixUpgrader
13:56:10.770 [graviteeio-node] INFO  i.g.r.a.s.i.upgrade.OneShotUpgrader - Starting PlansDataFixUpgrader execution with dry-run disabled
13:56:10.807 [graviteeio-node] INFO  i.g.r.a.s.i.u.PlansDataFixUpgrader - No plan data anomaly found
13:56:10.827 [graviteeio-node] INFO  i.g.r.a.s.i.upgrade.OneShotUpgrader - Finishing PlansDataFixUpgrader execution
13:56:10.829 [graviteeio-node] INFO  i.g.r.a.s.impl.UpgraderServiceImpl - Running upgrader io.gravitee.rest.api.service.impl.upgrade.ApiKeySubscriptionsUpgrader
13:56:10.836 [graviteeio-node] INFO  i.g.r.a.s.i.upgrade.OneShotUpgrader - Starting ApiKeySubscriptionsUpgrader execution with dry-run disabled
13:56:10.875 [graviteeio-node] INFO  i.g.r.a.s.i.upgrade.OneShotUpgrader - Finishing ApiKeySubscriptionsUpgrader execution
13:56:10.878 [graviteeio-node] INFO  i.g.r.a.s.impl.UpgraderServiceImpl - Running upgrader io.gravitee.rest.api.service.impl.upgrade.ClientIdInApiKeySubscriptionsUpgrader
13:56:10.888 [graviteeio-node] INFO  i.g.r.a.s.i.upgrade.OneShotUpgrader - Starting ClientIdInApiKeySubscriptionsUpgrader execution with dry-run disabled
13:56:10.993 [graviteeio-node] INFO  i.g.r.a.s.i.upgrade.OneShotUpgrader - Finishing ClientIdInApiKeySubscriptionsUpgrader execution
13:56:10.996 [graviteeio-node] INFO  i.g.r.a.s.impl.UpgraderServiceImpl - Running upgrader io.gravitee.rest.api.service.impl.upgrade.ApiLoggingConditionUpgrader
13:56:11.004 [graviteeio-node] INFO  i.g.r.a.s.i.upgrade.OneShotUpgrader - Starting ApiLoggingConditionUpgrader execution with dry-run disabled
13:56:11.047 [graviteeio-node] INFO  i.g.r.a.s.i.upgrade.OneShotUpgrader - Finishing ApiLoggingConditionUpgrader execution
13:56:11.057 [graviteeio-node] INFO  i.g.r.a.s.impl.UpgraderServiceImpl - Running upgrader io.gravitee.rest.api.service.impl.upgrade.PlansFlowsDefinitionUpgrader
13:56:11.064 [graviteeio-node] INFO  i.g.r.a.s.i.upgrade.OneShotUpgrader - Starting PlansFlowsDefinitionUpgrader execution with dry-run disabled
13:56:11.105 [graviteeio-node] INFO  i.g.r.a.s.i.upgrade.OneShotUpgrader - Finishing PlansFlowsDefinitionUpgrader execution
13:56:11.108 [graviteeio-node] INFO  i.g.r.a.s.node.GraviteeApisNode - 	Starting component: JettyEmbeddedContainer
13:56:11.304 [graviteeio-node] INFO  org.eclipse.jetty.server.Server - jetty-9.4.44.v20210927; built: 2021-09-27T23:02:44.612Z; git: 8da83308eeca865e495e53ef315a249d63ba9332; jvm 17.0.5+8
13:56:11.384 [graviteeio-node] INFO  o.e.jetty.server.RequestLogWriter - Opened /opt/graviteeio-management-api/logs/gravitee_accesslog_2026_10_06.log
13:56:11.459 [graviteeio-node] INFO  org.eclipse.jetty.server.session - DefaultSessionIdManager workerName=node0
13:56:11.468 [graviteeio-node] INFO  org.eclipse.jetty.server.session - No SessionScavenger set, using defaults
13:56:11.489 [graviteeio-node] INFO  org.eclipse.jetty.server.session - node0 Scavenging every 660000ms
13:56:11.533 [graviteeio-node] INFO  o.e.j.s.h.ContextHandler.portal - Initializing Spring root WebApplicationContext
13:56:12.071 [graviteeio-node] INFO  i.g.r.a.s.a.i.AuthenticationProviderManagerImpl - Loading authentication providers
13:56:12.168 [graviteeio-node] INFO  i.g.r.a.p.s.c.BasicSecurityConfigurerAdapter - --------------------------------------------------------------
13:56:12.173 [graviteeio-node] INFO  i.g.r.a.p.s.c.BasicSecurityConfigurerAdapter - Portal API BasicSecurity Config
13:56:12.178 [graviteeio-node] INFO  i.g.r.a.p.s.c.BasicSecurityConfigurerAdapter - Loading authentication identity providers for Basic authentication
13:56:12.180 [graviteeio-node] INFO  i.g.r.a.p.s.c.BasicSecurityConfigurerAdapter - Loading authentication provider of type memory at position 0
13:56:12.348 [graviteeio-node] INFO  i.g.r.a.p.s.c.BasicSecurityConfigurerAdapter - Loading authentication provider of type gravitee at position 1
13:56:12.422 [graviteeio-node] INFO  i.g.r.a.p.s.c.BasicSecurityConfigurerAdapter - --------------------------------------------------------------
13:56:12.678 [graviteeio-node] WARN  i.g.r.a.p.s.c.BasicSecurityConfigurerAdapter - 
13:56:12.679 [graviteeio-node] WARN  i.g.r.a.p.s.c.BasicSecurityConfigurerAdapter - ##############################################################
13:56:12.680 [graviteeio-node] WARN  i.g.r.a.p.s.c.BasicSecurityConfigurerAdapter - #                      SECURITY WARNING                      #
13:56:12.685 [graviteeio-node] WARN  i.g.r.a.p.s.c.BasicSecurityConfigurerAdapter - ##############################################################
13:56:12.687 [graviteeio-node] WARN  i.g.r.a.p.s.c.BasicSecurityConfigurerAdapter - 
13:56:12.693 [graviteeio-node] WARN  i.g.r.a.p.s.c.BasicSecurityConfigurerAdapter - You still use the default jwt secret.
13:56:12.694 [graviteeio-node] WARN  i.g.r.a.p.s.c.BasicSecurityConfigurerAdapter - This known secret can be used to impersonate anyone.
13:56:12.696 [graviteeio-node] WARN  i.g.r.a.p.s.c.BasicSecurityConfigurerAdapter - Please change this value, or ask your administrator to do it !
13:56:12.698 [graviteeio-node] WARN  i.g.r.a.p.s.c.BasicSecurityConfigurerAdapter - 
13:56:12.699 [graviteeio-node] WARN  i.g.r.a.p.s.c.BasicSecurityConfigurerAdapter - ##############################################################
13:56:12.701 [graviteeio-node] WARN  i.g.r.a.p.s.c.BasicSecurityConfigurerAdapter - 
13:56:20.177 [graviteeio-node] INFO  o.e.j.server.handler.ContextHandler - Started o.e.j.s.ServletContextHandler@3b6a4aa1{/portal,null,AVAILABLE}
13:56:20.191 [graviteeio-node] INFO  o.e.j.s.h.ContextHandler.management - Initializing Spring root WebApplicationContext
13:56:20.468 [graviteeio-node] INFO  i.g.r.a.s.a.i.AuthenticationProviderManagerImpl - Loading authentication providers
13:56:20.527 [graviteeio-node] INFO  i.g.r.a.m.s.c.BasicSecurityConfigurerAdapter - --------------------------------------------------------------
13:56:20.534 [graviteeio-node] INFO  i.g.r.a.m.s.c.BasicSecurityConfigurerAdapter - Management API BasicSecurity Config
13:56:20.547 [graviteeio-node] INFO  i.g.r.a.m.s.c.BasicSecurityConfigurerAdapter - Loading authentication identity providers for Basic authentication
13:56:20.555 [graviteeio-node] INFO  i.g.r.a.m.s.c.BasicSecurityConfigurerAdapter - Loading authentication provider of type memory at position 0
13:56:20.598 [graviteeio-node] INFO  i.g.r.a.m.s.c.BasicSecurityConfigurerAdapter - Loading authentication provider of type gravitee at position 1
13:56:20.618 [graviteeio-node] INFO  i.g.r.a.m.s.c.BasicSecurityConfigurerAdapter - --------------------------------------------------------------
13:56:20.620 [graviteeio-node] WARN  i.g.r.a.m.s.c.BasicSecurityConfigurerAdapter - 
13:56:20.622 [graviteeio-node] WARN  i.g.r.a.m.s.c.BasicSecurityConfigurerAdapter - ##############################################################
13:56:20.624 [graviteeio-node] WARN  i.g.r.a.m.s.c.BasicSecurityConfigurerAdapter - #                      SECURITY WARNING                      #
13:56:20.627 [graviteeio-node] WARN  i.g.r.a.m.s.c.BasicSecurityConfigurerAdapter - ##############################################################
13:56:20.633 [graviteeio-node] WARN  i.g.r.a.m.s.c.BasicSecurityConfigurerAdapter - 
13:56:20.634 [graviteeio-node] WARN  i.g.r.a.m.s.c.BasicSecurityConfigurerAdapter - You still use the default jwt secret.
13:56:20.635 [graviteeio-node] WARN  i.g.r.a.m.s.c.BasicSecurityConfigurerAdapter - This known secret can be used to impersonate anyone.
13:56:20.636 [graviteeio-node] WARN  i.g.r.a.m.s.c.BasicSecurityConfigurerAdapter - Please change this value, or ask your administrator to do it !
13:56:20.638 [graviteeio-node] WARN  i.g.r.a.m.s.c.BasicSecurityConfigurerAdapter - 
13:56:20.670 [graviteeio-node] WARN  i.g.r.a.m.s.c.BasicSecurityConfigurerAdapter - ##############################################################
13:56:20.738 [graviteeio-node] WARN  i.g.r.a.m.s.c.BasicSecurityConfigurerAdapter - 
13:56:21.690 [graviteeio-node] INFO  o.e.j.server.handler.ContextHandler - Started o.e.j.s.ServletContextHandler@6e1ece3d{/management,null,AVAILABLE}
13:56:21.733 [graviteeio-node] INFO  o.e.jetty.server.AbstractConnector - Started ServerConnector@5730b513{HTTP/1.1, (http/1.1)}{0.0.0.0:8083}
13:56:21.751 [graviteeio-node] INFO  org.eclipse.jetty.server.Server - Started @91348ms
13:56:21.786 [graviteeio-node] INFO  i.g.r.a.s.node.GraviteeApisNode - 	Starting component: AlertTriggerProviderManager
13:56:21.798 [graviteeio-node] INFO  i.g.common.service.AbstractService - Initializing service Alert Engine - Trigger provider manager
13:56:21.842 [graviteeio-node] INFO  i.g.a.connector.ws.WsTriggerProvider - AlertEngine connector is enabled. Starting connector.
13:56:21.918 [graviteeio-node] INFO  i.g.a.c.ws.WebSocketConnector - AlertEngine connector is disabled.
13:56:21.943 [graviteeio-node] INFO  i.g.r.a.s.node.GraviteeApisNode - 	Starting component: AlertEventProducerManager
13:56:21.948 [graviteeio-node] INFO  i.g.common.service.AbstractService - Initializing service Alert Engine - Event producer
13:56:21.972 [graviteeio-node] INFO  i.g.ae.connector.ws.WsEventProducer - AlertEngine connector is enabled. Starting connector.
13:56:21.993 [graviteeio-node] INFO  i.g.ae.connector.ws.HttpConnector - AlertEngine connector is disabled.
13:56:22.069 [graviteeio-node] INFO  i.g.r.a.s.node.GraviteeApisNode - Gravitee.io - Rest APIs id[2414d29a-9696-40ec-94d2-9a969620ecac] version[3.20.13] pid[1] build[383732#8db1c24a3a] jvm[Eclipse Adoptium/OpenJDK 64-Bit Server VM/17.0.5+8] started in 57163 ms.
13:56:22.173 [RxComputationThreadPool-7] WARN  i.g.ae.connector.ws.WsEventProducer - An error occurred trying to send events: The connector is not yet ready
13:56:36.051 [gravitee-listener-69] INFO  i.g.c.event.impl.EventManagerImpl - Register new listener GraviteeCorsConfiguration for event type class io.gravitee.rest.api.model.parameters.Key
13:57:15.140 [gravitee-listener-78] INFO  i.g.c.event.impl.EventManagerImpl - Register new listener GraviteeCorsConfiguration for event type class io.gravitee.rest.api.model.parameters.Key
13:57:15.140 [gravitee-listener-75] INFO  i.g.c.event.impl.EventManagerImpl - Register new listener GraviteeCorsConfiguration for event type class io.gravitee.rest.api.model.parameters.Key
15:28:11.876 [vertx-blocked-thread-checker] WARN  i.v.core.impl.BlockedThreadChecker - Thread Thread[vert.x-eventloop-thread-1,5,main] has been blocked for 6541 ms, time limit is 2000 ms
io.vertx.core.VertxException: Thread blocked
	at io.netty.resolver.dns.DnsQueryContext.<init>(DnsQueryContext.java:61)
	at io.netty.resolver.dns.DatagramDnsQueryContext.<init>(DatagramDnsQueryContext.java:34)
	at io.netty.resolver.dns.DnsNameResolver.query0(DnsNameResolver.java:1271)
	at io.netty.resolver.dns.DnsResolveContext.query(DnsResolveContext.java:436)
	at io.netty.resolver.dns.DnsResolveContext.query(DnsResolveContext.java:1113)
	at io.netty.resolver.dns.DnsResolveContext.internalResolve(DnsResolveContext.java:358)
	at io.netty.resolver.dns.DnsResolveContext.resolve(DnsResolveContext.java:215)
	at io.netty.resolver.dns.DnsNameResolver.doResolveAllUncached0(DnsNameResolver.java:1158)
	at io.netty.resolver.dns.DnsNameResolver.doResolveAllUncached(DnsNameResolver.java:1131)
	at io.netty.resolver.dns.DnsNameResolver.doResolveUncached(DnsNameResolver.java:1033)
	at io.netty.resolver.dns.DnsNameResolver.doResolve(DnsNameResolver.java:975)
	at io.netty.resolver.dns.DnsNameResolver.doResolve(DnsNameResolver.java:812)
	at io.netty.resolver.SimpleNameResolver.resolve(SimpleNameResolver.java:61)
	at io.netty.resolver.dns.InflightNameResolver.resolve(InflightNameResolver.java:100)
	at io.netty.resolver.dns.InflightNameResolver.resolve(InflightNameResolver.java:66)
	at io.netty.resolver.dns.InflightNameResolver.resolve(InflightNameResolver.java:51)
	at io.netty.resolver.InetSocketAddressResolver.doResolve(InetSocketAddressResolver.java:55)
	at io.netty.resolver.InetSocketAddressResolver.doResolve(InetSocketAddressResolver.java:31)
	at io.netty.resolver.AbstractAddressResolver.resolve(AbstractAddressResolver.java:106)
	at io.netty.bootstrap.Bootstrap.doResolveAndConnect0(Bootstrap.java:206)
	at io.netty.bootstrap.Bootstrap.doResolveAndConnect(Bootstrap.java:162)
	at io.netty.bootstrap.Bootstrap.connect(Bootstrap.java:139)
	at io.vertx.core.net.impl.ChannelProvider.handleConnect(ChannelProvider.java:154)
	at io.vertx.core.net.impl.ChannelProvider.connect(ChannelProvider.java:104)
	at io.vertx.core.net.impl.ChannelProvider.connect(ChannelProvider.java:90)
	at io.vertx.core.net.impl.NetClientImpl.connectInternal(NetClientImpl.java:247)
	at io.vertx.core.net.impl.NetClientImpl.lambda$connectInternal$5(NetClientImpl.java:267)
	at io.vertx.core.net.impl.NetClientImpl$$Lambda$797/0x00000008013a3558.run(Unknown Source)
	at io.netty.util.concurrent.AbstractEventExecutor.safeExecute(AbstractEventExecutor.java:164)
	at io.netty.util.concurrent.SingleThreadEventExecutor.runAllTasks(SingleThreadEventExecutor.java:469)
	at io.netty.channel.nio.NioEventLoop.run(NioEventLoop.java:503)
	at io.netty.util.concurrent.SingleThreadEventExecutor$4.run(SingleThreadEventExecutor.java:986)
	at io.netty.util.internal.ThreadExecutorMap$2.run(ThreadExecutorMap.java:74)
	at io.netty.util.concurrent.FastThreadLocalRunnable.run(FastThreadLocalRunnable.java:30)
	at java.base@17.0.5/java.lang.Thread.run(Unknown Source)
18:36:25.579 [graviteeio-finalizer] INFO  i.g.r.a.s.GraviteeApisContainer - Preparing Gravitee.io - Rest APIs for shutting-down...
18:36:25.628 [graviteeio-finalizer] INFO  i.g.r.a.s.node.GraviteeApisNode - Applying graceful shutdown delay 0 MILLISECONDS
18:36:25.630 [graviteeio-finalizer] INFO  i.g.r.a.s.node.GraviteeApisNode - Graceful shutdown delay exhausted
18:36:25.643 [graviteeio-finalizer] INFO  i.g.r.a.s.GraviteeApisContainer - Shutting-down Gravitee.io - Rest APIs...
18:36:25.647 [graviteeio-finalizer] INFO  i.g.r.a.s.node.GraviteeApisNode - Gravitee.io - Rest APIs is stopping
18:36:25.847 [graviteeio-finalizer] INFO  i.g.r.a.s.node.GraviteeApisNode - 	Stopping component: AlertEventProducerManager
18:36:25.856 [graviteeio-finalizer] INFO  i.g.common.service.AbstractService - Destroying service Alert Engine - Event producer
18:36:25.989 [graviteeio-finalizer] INFO  i.g.r.a.s.node.GraviteeApisNode - 	Stopping component: AlertTriggerProviderManager
18:36:26.018 [graviteeio-finalizer] INFO  i.g.common.service.AbstractService - Destroying service Alert Engine - Trigger provider manager
18:36:26.043 [JettyShutdownThread] INFO  o.e.jetty.server.AbstractConnector - Stopped ServerConnector@5730b513{HTTP/1.1, (http/1.1)}{0.0.0.0:8083}
18:36:26.043 [graviteeio-finalizer] INFO  i.g.r.a.s.node.GraviteeApisNode - 	Stopping component: JettyEmbeddedContainer
18:36:26.044 [JettyShutdownThread] INFO  org.eclipse.jetty.server.session - node0 Stopped scavenging
18:36:26.348 [JettyShutdownThread] INFO  o.e.j.s.h.ContextHandler.management - Closing Spring root WebApplicationContext
18:36:26.518 [JettyShutdownThread] INFO  o.e.j.server.handler.ContextHandler - Stopped o.e.j.s.ServletContextHandler@6e1ece3d{/management,null,STOPPED}
18:36:26.595 [JettyShutdownThread] INFO  o.e.j.s.h.ContextHandler.portal - Closing Spring root WebApplicationContext
18:36:26.605 [JettyShutdownThread] INFO  o.e.j.server.handler.ContextHandler - Stopped o.e.j.s.ServletContextHandler@3b6a4aa1{/portal,null,STOPPED}
18:36:26.654 [graviteeio-finalizer] INFO  i.g.r.a.s.node.GraviteeApisNode - 	Stopping component: InitializerService
18:36:26.656 [graviteeio-finalizer] INFO  i.g.common.service.AbstractService - Destroying service Upgrader service
18:36:26.657 [graviteeio-finalizer] INFO  i.g.r.a.s.node.GraviteeApisNode - 	Stopping component: KeyStoreLoaderManager
18:36:26.659 [graviteeio-finalizer] INFO  i.g.common.service.AbstractService - Destroying service io.gravitee.node.certificates.KeyStoreLoaderManager
18:36:26.662 [graviteeio-finalizer] INFO  i.g.r.a.s.node.GraviteeApisNode - 	Stopping component: ReporterManager
18:36:26.673 [graviteeio-finalizer] INFO  i.g.common.service.AbstractService - Destroying service Reporter service
18:36:26.686 [graviteeio-finalizer] INFO  i.g.r.a.s.node.GraviteeApisNode - 	Stopping component: NodeMonitorService
18:36:26.692 [graviteeio-finalizer] INFO  i.g.n.m.monitor.NodeMonitorService - Stop node monitor
18:36:26.695 [graviteeio-finalizer] INFO  i.g.common.service.AbstractService - Destroying service Node Monitor Service
18:36:26.697 [graviteeio-finalizer] INFO  i.g.n.m.monitor.NodeMonitorService - Stop node monitor : DONE
18:36:26.699 [graviteeio-finalizer] INFO  i.g.r.a.s.node.GraviteeApisNode - 	Stopping component: NodeHealthCheckService
18:36:26.701 [graviteeio-finalizer] INFO  i.g.common.service.AbstractService - Destroying service Node Health-check service
18:36:26.703 [graviteeio-finalizer] INFO  i.g.r.a.s.node.GraviteeApisNode - 	Stopping component: NodeInfosService
18:36:26.704 [graviteeio-finalizer] INFO  i.g.n.m.infos.NodeInfosService - Stopping node infos service
18:36:26.706 [graviteeio-finalizer] INFO  i.g.common.service.AbstractService - Destroying service Node Infos Service
18:36:26.708 [graviteeio-finalizer] INFO  i.g.n.m.infos.NodeInfosService - Stop node infos service : DONE
18:36:26.709 [graviteeio-finalizer] INFO  i.g.r.a.s.node.GraviteeApisNode - 	Stopping component: NodeMonitoringEventHandler
18:36:26.710 [graviteeio-finalizer] INFO  i.g.common.service.AbstractService - Destroying service io.gravitee.node.monitoring.handler.NodeMonitoringEventHandler
18:36:26.712 [graviteeio-finalizer] INFO  i.g.r.a.s.node.GraviteeApisNode - 	Stopping component: ManagementService
18:36:26.744 [graviteeio-finalizer] INFO  i.g.common.service.AbstractService - Destroying service Node Management API service
18:36:26.752 [graviteeio-finalizer] INFO  i.g.r.a.s.node.GraviteeApisNode - 	Stopping component: ServiceManager
18:36:26.756 [graviteeio-finalizer] INFO  i.g.common.service.AbstractService - Destroying service Plugins - Services Manager
18:36:26.767 [graviteeio-finalizer] INFO  i.g.common.service.AbstractService - Destroying service Search Indexer Service
18:36:26.770 [graviteeio-finalizer] INFO  i.g.common.service.AbstractService - Destroying service Subscriptions Refresher Service
18:36:26.778 [graviteeio-finalizer] INFO  i.g.common.service.AbstractService - Destroying service Gateway - Repository Bridge HTTP Server
18:36:26.793 [graviteeio-finalizer] INFO  i.g.common.service.AbstractService - Destroying service Subscription Pre Expiration Notification service
18:36:26.800 [graviteeio-finalizer] INFO  i.g.common.service.AbstractService - Destroying service Dynamic Properties Service
18:36:26.802 [graviteeio-finalizer] INFO  i.g.common.service.AbstractService - Destroying service Sync Service
18:36:26.805 [graviteeio-finalizer] INFO  i.g.common.service.AbstractService - Destroying service Auto Fetch Service
18:36:26.808 [graviteeio-finalizer] INFO  i.g.common.service.AbstractService - Destroying service Dictionary Service
18:36:26.810 [graviteeio-finalizer] INFO  i.g.r.a.s.node.GraviteeApisNode - 	Stopping component: PluginRegistry
18:36:26.811 [graviteeio-finalizer] INFO  i.g.common.service.AbstractService - Destroying service io.gravitee.plugin.core.internal.PluginRegistryImpl
18:36:26.813 [graviteeio-finalizer] INFO  i.g.r.a.s.node.GraviteeApisNode - 	Stopping component: PluginEventListener
18:36:26.814 [graviteeio-finalizer] INFO  i.g.common.service.AbstractService - Destroying service io.gravitee.plugin.core.internal.PluginEventListener
18:36:26.815 [graviteeio-finalizer] INFO  i.g.r.a.s.node.GraviteeApisNode - 	Stopping component: LicenseService
18:36:26.816 [vert.x-eventloop-thread-7] INFO  i.g.n.m.h.v.v.ManagementVerticle - Stopping Management API...
18:36:26.819 [graviteeio-finalizer] INFO  i.g.common.service.AbstractService - Destroying service License service
18:36:26.819 [vert.x-eventloop-thread-6] INFO  i.g.r.bridge.server.BridgeService - HTTP server for bridge has been stopped
18:36:26.825 [graviteeio-finalizer] INFO  i.g.r.a.s.node.GraviteeApisNode - Gravitee.io - Rest APIs stopped
18:36:26.850 [vert.x-eventloop-thread-7] INFO  i.g.n.m.h.v.v.ManagementVerticle - HTTP Server has been correctly stopped
